// Jest Snapshot v1, https://goo.gl/fbAQLP

exports[`reads all users 1`] = `
Array [
  Object {
    "__v": 0,
    "_id": "5d38aa3ec832580ef81c3ed7",
    "createdAt": "2019-07-24T18:58:06.350Z",
    "email": "thiago@email.com",
    "firstName": "Thiago",
    "lastName": "Brezinski",
    "updatedAt": "2019-07-24T18:58:06.350Z",
  },
]
`;
